// Jest Snapshot v1, https://goo.gl/fbAQLP

exports[`Probando <AddCategory /> debe retornar un AddCategory 1`] = `
<form
  onSubmit={[Function]}
>
  <input
    onChange={[Function]}
    type="text"
    value=""
  />
</form>
`;
